// Jest Snapshot v1, https://goo.gl/fbAQLP

exports[`<App /> matches last snapshot 1`] = `
<View
  style={
    Object {
      "alignItems": "center",
      "backgroundColor": "#fff",
      "flex": 1,
      "justifyContent": "center",
    }
  }
>
  <Text>
    julys
  </Text>
</View>
`;
